
# Take Notes

* To take notes, just tap here and start typing.
* Or, easily create a digital notebook for all your notes that automatically syncs across your devices, using the free OneNote app.

## To learn more and get OneNote, visit [www.onenote.com](http://go.microsoft.com/fwlink/?LinkID=523891).


