## List
| Unnamed: 0 | TASK OR TITLE | Unnamed: 2 | Unnamed: 3 |
| --- | --- | --- | --- |
| NaN | MAKE A LIST | NaN | NaN |
| NaN | DATE | ITEM | NOTES |
| NaN | Date | Item | Note |
| NaN | Date | Item | Note |
| NaN | Date | Item | Note |
| NaN | Date | Item | Note |
